// Jest Snapshot v1, https://goo.gl/fbAQLP

exports[`LogIn should match the snapshot 1`] = `
Object {
  "asFragment": [Function],
  "baseElement": <body>
    <div>
      <div
        class="content-wrapper center"
      >
        <div
          class="header"
        >
          <h1
            class="text-standout"
          >
            Internally Opinionated
          </h1>
          <p>
            Ask colleagues questions and vote on popular polls.
          </p>
        </div>
        <div
          class="card log-in"
        >
          <form
            class=""
          >
            <h3>
              Sign In to your account
            </h3>
            <br />
            <select
              style="width: 200px;"
            >
              <option>
                Select a User...
              </option>
              <option
                value="mtsamis"
              >
                Mike Tsamis
              </option>
              <option
                value="sarahedo"
              >
                Sarah Edo
              </option>
            </select>
            <br />
            <button
              disabled=""
              style="width: 205px;"
              type="submit"
            >
              Log In
            </button>
          </form>
        </div>
      </div>
    </div>
  </body>,
  "container": <div>
    <div
      class="content-wrapper center"
    >
      <div
        class="header"
      >
        <h1
          class="text-standout"
        >
          Internally Opinionated
        </h1>
        <p>
          Ask colleagues questions and vote on popular polls.
        </p>
      </div>
      <div
        class="card log-in"
      >
        <form
          class=""
        >
          <h3>
            Sign In to your account
          </h3>
          <br />
          <select
            style="width: 200px;"
          >
            <option>
              Select a User...
            </option>
            <option
              value="mtsamis"
            >
              Mike Tsamis
            </option>
            <option
              value="sarahedo"
            >
              Sarah Edo
            </option>
          </select>
          <br />
          <button
            disabled=""
            style="width: 205px;"
            type="submit"
          >
            Log In
          </button>
        </form>
      </div>
    </div>
  </div>,
  "debug": [Function],
  "findAllByAltText": [Function],
  "findAllByDisplayValue": [Function],
  "findAllByLabelText": [Function],
  "findAllByPlaceholderText": [Function],
  "findAllByRole": [Function],
  "findAllByTestId": [Function],
  "findAllByText": [Function],
  "findAllByTitle": [Function],
  "findByAltText": [Function],
  "findByDisplayValue": [Function],
  "findByLabelText": [Function],
  "findByPlaceholderText": [Function],
  "findByRole": [Function],
  "findByTestId": [Function],
  "findByText": [Function],
  "findByTitle": [Function],
  "getAllByAltText": [Function],
  "getAllByDisplayValue": [Function],
  "getAllByLabelText": [Function],
  "getAllByPlaceholderText": [Function],
  "getAllByRole": [Function],
  "getAllByTestId": [Function],
  "getAllByText": [Function],
  "getAllByTitle": [Function],
  "getByAltText": [Function],
  "getByDisplayValue": [Function],
  "getByLabelText": [Function],
  "getByPlaceholderText": [Function],
  "getByRole": [Function],
  "getByTestId": [Function],
  "getByText": [Function],
  "getByTitle": [Function],
  "queryAllByAltText": [Function],
  "queryAllByDisplayValue": [Function],
  "queryAllByLabelText": [Function],
  "queryAllByPlaceholderText": [Function],
  "queryAllByRole": [Function],
  "queryAllByTestId": [Function],
  "queryAllByText": [Function],
  "queryAllByTitle": [Function],
  "queryByAltText": [Function],
  "queryByDisplayValue": [Function],
  "queryByLabelText": [Function],
  "queryByPlaceholderText": [Function],
  "queryByRole": [Function],
  "queryByTestId": [Function],
  "queryByText": [Function],
  "queryByTitle": [Function],
  "rerender": [Function],
  "unmount": [Function],
}
`;
